---
test_cascade:
- test_pallet
- :foo
- :baz
- :bar
